C51 COMPILER V8.02   MAIN                                                                  06/21/2024 10:49:38 PAGE 1   


C51 COMPILER V8.02, COMPILATION OF MODULE MAIN
OBJECT MODULE PLACED IN main.OBJ
COMPILER INVOKED BY: C:\Keil\C51\BIN\C51.EXE main.c BROWSE DEBUG OBJECTEXTEND

line level    source

   1          #include<reg51.h>
   2          sbit b1 = P1^0;
   3          sbit b2 = P1^1;
   4          
   5          int val = 1;
   6          int val2 = 128;
   7          void delay(int time)
   8          {
   9   1              unsigned int i,j;
  10   1              for(i=0;i<=time;i++)
  11   1              {
  12   2                      for(j=0;j<=1000;j++);
  13   2              }
  14   1      }
  15          
  16          void main()
  17          {
  18   1       while(1)
  19   1       {
  20   2       while(b1 == 0)
  21   2       {
  22   3        P2 = val;
  23   3        delay(50);
  24   3        val <<= 1;
  25   3       }
  26   2      
  27   2        while(b2 == 0)
  28   2       {
  29   3         P2 = val2;
  30   3        delay(50);
  31   3        val >>= 1;
  32   3       }
  33   2       }
  34   1              
  35   1      }


MODULE INFORMATION:   STATIC OVERLAYABLE
   CODE SIZE        =     85    ----
   CONSTANT SIZE    =   ----    ----
   XDATA SIZE       =   ----    ----
   PDATA SIZE       =   ----    ----
   DATA SIZE        =      4    ----
   IDATA SIZE       =   ----    ----
   BIT SIZE         =   ----    ----
END OF MODULE INFORMATION.


C51 COMPILATION COMPLETE.  0 WARNING(S),  0 ERROR(S)
