C51 COMPILER V8.02   MAIN                                                                  06/25/2024 11:37:18 PAGE 1   


C51 COMPILER V8.02, COMPILATION OF MODULE MAIN
OBJECT MODULE PLACED IN main.OBJ
COMPILER INVOKED BY: C:\Keil\C51\BIN\C51.EXE main.c BROWSE DEBUG OBJECTEXTEND

line level    source

   1          #include<reg51.h> //header file
   2          
   3          #define lcd P2   //lcd data pins
   4          sbit en = P3^0;  //Enable
   5          sbit rs = P3^1;  //Register select
   6          
   7          
   8          void delay(unsigned int time)     //delay function
   9          {
  10   1              unsigned int i,j;
  11   1              for(i=0;i<=time;i++)
  12   1              {
  13   2                      for(j=0;j<=1000;j++);
  14   2              }
  15   1      
  16   1      }
  17          
  18          void lcd_cmd(unsigned char ch)   //command function
  19          {
  20   1        lcd = ch;
  21   1        rs=0;
  22   1        en=1;
  23   1        delay(2);
  24   1        en=0;
  25   1      }
  26          
  27          void lcd_data(unsigned char ch)  //data function
  28          {
  29   1        lcd = ch;
  30   1        rs=1;
  31   1        en=1;
  32   1        delay(2);
  33   1        en=0;
  34   1      }
  35          
  36          void lcd_print(char str[])
  37          {
  38   1              unsigned int k=0;
  39   1              for(k=0;str[k]!='\0';k++)
  40   1              {
  41   2                lcd_data(str[k]);
  42   2              }       
  43   1      }
  44          
  45          void convert(int val)
  46          {
  47   1       int d1,d2,d3;
  48   1       d1 = val/100;
  49   1       d2 = (val/10)%10;
  50   1       d3 = val%10;
  51   1       
  52   1       lcd_data(d1+48);
  53   1       lcd_data(d2+48);
  54   1       lcd_data(d3+48); 
  55   1      }
C51 COMPILER V8.02   MAIN                                                                  06/25/2024 11:37:18 PAGE 2   

  56          
  57          
  58            int sensor_data = 0;
  59          
  60          void main()  //main programs
  61          {
  62   1              lcd_cmd(0x38); //select 8bit 2lines
  63   1              lcd_cmd(0x01); //clear display
  64   1              lcd_cmd(0x0E); //display on coursor blink
  65   1              lcd_cmd(0x06); //Increment from leftg to right
  66   1          while(1)
  67   1              {
  68   2              lcd_cmd(0x80);  //Select position
  69   2              lcd_print("Hello Teckybot");
  70   2                      lcd_cmd(0xC0);  //Select position
  71   2              convert(sensor_data++);
  72   2              delay(200);
  73   2              lcd_cmd(0x01);
  74   2              }               
  75   1      } 


MODULE INFORMATION:   STATIC OVERLAYABLE
   CODE SIZE        =    247    ----
   CONSTANT SIZE    =     15    ----
   XDATA SIZE       =   ----    ----
   PDATA SIZE       =   ----    ----
   DATA SIZE        =      2       9
   IDATA SIZE       =   ----    ----
   BIT SIZE         =   ----    ----
END OF MODULE INFORMATION.


C51 COMPILATION COMPLETE.  0 WARNING(S),  0 ERROR(S)
