BL51 BANKED LINKER/LOCATER V6.00                                                        06/18/2024  11:23:05  PAGE 1


BL51 BANKED LINKER/LOCATER V6.00, INVOKED BY:
C:\KEIL\C51\BIN\BL51.EXE main.obj TO main


MEMORY MODEL: SMALL


INPUT MODULES INCLUDED:
  main.obj (MAIN)
  C:\KEIL\C51\LIB\C51S.LIB (?C_STARTUP)


LINK MAP OF MODULE:  main (MAIN)


            TYPE    BASE      LENGTH    RELOCATION   SEGMENT NAME
            -----------------------------------------------------

            * * * * * * *   D A T A   M E M O R Y   * * * * * * *
            REG     0000H     0008H     ABSOLUTE     "REG BANK 0"
            DATA    0008H     0001H     UNIT         _DATA_GROUP_
            IDATA   0009H     0001H     UNIT         ?STACK

            * * * * * * *   C O D E   M E M O R Y   * * * * * * *
            CODE    0000H     0003H     ABSOLUTE     
                    0003H     07FDH                  *** GAP ***
            CODE    0800H     0020H     UNIT         ?PR?_DELAY?MAIN
            CODE    0820H     0019H     UNIT         ?PR?MAIN?MAIN
            CODE    0839H     000CH     UNIT         ?C_C51STARTUP



OVERLAY MAP OF MODULE:   main (MAIN)


SEGMENT                          DATA_GROUP 
  +--> CALLED SEGMENT          START    LENGTH
----------------------------------------------
?C_C51STARTUP                  -----    -----
  +--> ?PR?MAIN?MAIN

?PR?MAIN?MAIN                  0008H    0001H
  +--> ?PR?_DELAY?MAIN



SYMBOL TABLE OF MODULE:  main (MAIN)

  VALUE           TYPE          NAME
  ----------------------------------

  -------         MODULE        MAIN
  C:0000H         SYMBOL        _ICE_DUMMY_
  D:0090H         PUBLIC        P1
  C:0820H         PUBLIC        main
  C:0800H         PUBLIC        _delay
  -------         PROC          MAIN
  -------         DO            
BL51 BANKED LINKER/LOCATER V6.00                                                      06/18/2024  11:23:05  PAGE 2


  D:0008H         SYMBOL        a
  -------         ENDDO         
  C:0820H         LINE#         3
  C:0820H         LINE#         4
  C:0820H         LINE#         5
  C:0823H         LINE#         6
  C:0825H         LINE#         7
  C:0825H         LINE#         8
  C:0828H         LINE#         9
  C:082FH         LINE#         10
  C:0838H         LINE#         11
  -------         ENDPROC       MAIN
  -------         PROC          _DELAY
  D:0006H         SYMBOL        time
  -------         DO            
  D:0004H         SYMBOL        i
  D:0002H         SYMBOL        j
  -------         ENDDO         
  C:0800H         LINE#         14
  C:0800H         LINE#         15
  C:0800H         LINE#         17
  C:080AH         LINE#         18
  C:080AH         LINE#         19
  C:0818H         LINE#         20
  C:081FH         LINE#         21
  -------         ENDPROC       _DELAY
  -------         ENDMOD        MAIN

******************************************************************************
* RESTRICTED VERSION WITH 0800H BYTE CODE SIZE LIMIT; USED: 0039H BYTE ( 2%) *
******************************************************************************

Program Size: data=10.0 xdata=0 code=72
LINK/LOCATE RUN COMPLETE.  0 WARNING(S),  0 ERROR(S)
